---
source: melior/src/dialect/llvm.rs
expression: module.as_operation()
---
module {
  llvm.func @foo(%arg0: !llvm.ptr) {
    %0 = llvm.load %arg0 : !llvm.ptr -> i64
    llvm.return
  }
}
