---
source: melior/src/dialect/llvm.rs
expression: module.as_operation()
---
module {
  llvm.func @foo(%arg0: !llvm.struct<(i64)>) {
    %0 = llvm.extractvalue %arg0[0] : !llvm.struct<(i64)> 
    llvm.return
  }
}
