---
source: melior/src/dialect/llvm.rs
expression: module.as_operation()
---
module attributes {llvm.data_layout = ""} {
  llvm.func @foo(%arg0: i64) -> i64 {
    %0 = "llvm.intr.abs"(%arg0) <{is_int_min_poison = true}> : (i64) -> i64
    llvm.return %0 : i64
  }
}

