---
source: melior/src/dialect/llvm.rs
expression: module.as_operation()
---
module attributes {llvm.data_layout = ""} {
  llvm.func @foo(%arg0: !llvm.ptr, %arg1: i64) {
    llvm.store %arg1, %arg0 : i64, !llvm.ptr
    llvm.return
  }
}

