---
source: melior/src/dialect/func.rs
expression: module.as_operation()
---
module {
  func.func private @foo(index) -> index
}

