---
source: melior/src/dialect/llvm.rs
expression: module.as_operation()
---
module attributes {llvm.data_layout = ""} {
  llvm.func @foo(%arg0: i64) -> i64 {
    %0 = llvm.intr.bswap(%arg0)  : (i64) -> i64
    llvm.return %0 : i64
  }
}

