---
source: melior/src/dialect/llvm.rs
expression: module.as_operation()
---
module attributes {llvm.data_layout = ""} {
  llvm.func @foo(%arg0: !llvm.ptr) {
    %0 = llvm.getelementptr %arg0[42] : (!llvm.ptr) -> !llvm.ptr, i64
    llvm.return
  }
}

