---
source: melior/src/dialect/memref.rs
expression: module.as_operation()
---
module {
  memref.global "private" constant @foo : memref<index> = uninitialized {alignment = 8 : i64}
}

