---
source: melior/src/dialect/llvm.rs
expression: module.as_operation()
---
module attributes {llvm.data_layout = ""} {
  llvm.func @foo_none() {
    llvm.return
  }
  llvm.func @foo(%arg0: !llvm.struct<(i64)>) -> !llvm.struct<(i64)> {
    llvm.return %arg0 : !llvm.struct<(i64)>
  }
}

