---
source: melior/src/dialect/llvm.rs
expression: module.as_operation()
---
module {
  llvm.func @foo() -> !llvm.ptr {
    %0 = llvm.mlir.zero : !llvm.ptr
    llvm.return %0 : !llvm.ptr
  }
}
