---
source: melior/src/dialect/llvm.rs
expression: module.as_operation()
---
module {
  llvm.func @printf(!llvm.ptr, ...) -> i32
}
