---
source: melior/src/dialect/func.rs
expression: module.as_operation()
---
module {
  func.func @add(%arg0: i64) -> i64 {
    return %arg0 : i64
  }
}

