---
source: melior/src/dialect/llvm.rs
expression: module.as_operation()
---
module {
  llvm.func @func_with_unreachable() {
    llvm.unreachable
  }
}
